\BOOKMARK [1][-]{section*.1}{\376\377\144\130\000\040\211\201}{}% 1
\BOOKMARK [1][-]{section*.2}{\376\377\166\356\000\040\137\125}{}% 2
\BOOKMARK [1][-]{section*.3}{\376\377\143\322\126\376\156\005\123\125}{}% 3
\BOOKMARK [1][-]{section*.4}{\376\377\226\104\210\150\156\005\123\125}{}% 4
\BOOKMARK [1][-]{section.1}{\376\377\225\356\230\230\221\315\217\360}{}% 5
\BOOKMARK [2][-]{subsection.1.1}{\376\377\116\373\122\241\151\202\217\360}{section.1}% 6
\BOOKMARK [2][-]{subsection.1.2}{\376\377\145\160\143\156\116\016\230\204\131\004\164\006}{section.1}% 7
\BOOKMARK [2][-]{subsection.1.3}{\376\377\225\356\230\230\142\306\211\343}{section.1}% 8
\BOOKMARK [2][-]{subsection.1.4}{\376\377\152\041\127\213\217\156\136\323\116\016\154\102\211\343\140\035\215\357}{section.1}% 9
\BOOKMARK [2][-]{subsection.1.5}{\376\377\213\304\116\367\143\007\150\007\116\016\176\323\147\234\124\110\163\260}{section.1}% 10
\BOOKMARK [2][-]{subsection.1.6}{\376\377\147\201\173\200\173\046\123\367\210\150}{section.1}% 11
\BOOKMARK [1][-]{section.2}{\376\377\120\107\213\276\116\016\173\046\123\367}{}% 12
\BOOKMARK [2][-]{subsection.2.1}{\376\377\145\160\143\156\123\343\137\204\116\016\123\125\117\115}{section.2}% 13
\BOOKMARK [2][-]{subsection.2.2}{\376\377\127\372\147\054\120\107\213\276}{section.2}% 14
\BOOKMARK [2][-]{subsection.2.3}{\376\377\121\234\202\172\211\304\122\031\116\016\123\357\210\114\127\337\210\145\121\105}{section.2}% 15
\BOOKMARK [2][-]{subsection.2.4}{\376\377\116\367\150\074\116\016\225\000\221\317\147\072\122\066}{section.2}% 16
\BOOKMARK [2][-]{subsection.2.5}{\376\377\173\046\123\367\210\150\377\010\142\151\134\125\377\011}{section.2}% 17
\BOOKMARK [1][-]{section.3}{\376\377\170\156\133\232\140\047\147\000\117\030\123\026\152\041\127\213\377\010\225\356\230\230\116\000\377\011}{}% 18
\BOOKMARK [2][-]{subsection.3.1}{\376\377\225\356\230\230\200\314\146\157\116\016\136\372\152\041\140\035\215\357}{section.3}% 19
\BOOKMARK [3][-]{subsubsection.3.1.1}{\376\377\225\356\230\230\122\006\147\220\377\010\116\016\215\133\230\230\133\371\237\120\377\011}{subsection.3.1}% 20
\BOOKMARK [2][-]{subsection.3.2}{\376\377\152\041\127\213\116\016\176\246\147\137}{section.3}% 21
\BOOKMARK [3][-]{subsubsection.3.2.1}{\376\377\121\263\173\126\123\330\221\317}{subsection.3.2}% 22
\BOOKMARK [3][-]{subsubsection.3.2.2}{\376\377\166\356\150\007\121\375\145\160}{subsection.3.2}% 23
\BOOKMARK [3][-]{subsubsection.3.2.3}{\376\377\127\072\146\157\116\016\145\117\141\037\140\047\213\276\213\241\377\010\145\207\133\127\123\026\377\011}{subsection.3.2}% 24
\BOOKMARK [3][-]{subsubsection.3.2.4}{\376\377\176\246\147\137\147\141\116\366}{subsection.3.2}% 25
\BOOKMARK [3][-]{subsubsection.3.2.5}{\376\377\131\015\150\070\156\005\123\125\377\010\225\356\230\230\116\000\377\011}{subsection.3.2}% 26
\BOOKMARK [2][-]{subsection.3.3}{\376\377\145\160\143\156\116\016\123\343\137\204}{section.3}% 27
\BOOKMARK [3][-]{subsubsection.3.3.1}{\376\377\173\046\123\367\116\016\123\302\145\160\133\232\116\111}{subsection.3.3}% 28
\BOOKMARK [3][-]{subsubsection.3.3.2}{\376\377\145\160\143\156\230\204\131\004\164\006\116\016\123\343\137\204\176\337\116\000}{subsection.3.3}% 29
\BOOKMARK [3][-]{subsubsection.3.3.3}{\376\377\145\160\143\156\156\005\155\027\176\306\122\031}{subsection.3.3}% 30
\BOOKMARK [2][-]{subsection.3.4}{\376\377\145\160\120\074\133\236\232\214\116\016\176\323\147\234\211\343\213\373}{section.3}% 31
\BOOKMARK [2][-]{subsection.3.5}{\376\377\154\102\211\343\155\101\172\013\116\016\123\357\211\343\140\047}{section.3}% 32
\BOOKMARK [2][-]{subsection.3.6}{\376\377\213\250\213\272\116\016\142\151\134\125\377\010\123\357\220\011\377\011}{section.3}% 33
\BOOKMARK [2][-]{subsection.3.7}{\376\377\173\124\150\110\116\016\217\223\121\372}{section.3}% 34
\BOOKMARK [2][-]{subsection.3.8}{\376\377\135\345\172\013\204\075\127\060\116\016\133\236\145\275\213\241\122\022}{section.3}% 35
\BOOKMARK [1][-]{section.4}{\376\377\116\015\170\156\133\232\140\047\116\016\117\335\136\225\145\066\166\312\377\010\225\356\230\230\116\214\377\011}{}% 36
\BOOKMARK [2][-]{subsection.4.1}{\376\377\200\314\146\157\116\016\136\372\152\041\150\106\147\266}{section.4}% 37
\BOOKMARK [3][-]{subsubsection.4.1.1}{\376\377\225\356\230\230\200\314\146\157\116\016\136\372\152\041\140\035\215\357}{subsection.4.1}% 38
\BOOKMARK [3][-]{subsubsection.4.1.2}{\376\377\116\015\170\156\133\232\226\306\133\232\116\111\377\010\116\032\122\241\123\343\137\204\377\011}{subsection.4.1}% 39
\BOOKMARK [2][-]{subsection.4.2}{\376\377\234\201\150\322\166\356\150\007\116\016\173\111\116\367\221\315\147\204}{section.4}% 40
\BOOKMARK [2][-]{subsection.4.3}{\376\377\176\246\147\137\117\123\174\373\116\016\154\102\211\343\155\101\172\013}{section.4}% 41
\BOOKMARK [3][-]{subsubsection.4.3.1}{\376\377\154\102\211\343\155\101\172\013\116\016\123\357\211\343\140\047\377\010\135\345\172\013\133\236\163\260\377\011}{subsection.4.3}% 42
\BOOKMARK [3][-]{subsubsection.4.3.2}{\376\377\123\357\214\003\234\201\150\322\116\016\122\006\136\003\234\201\150\322\166\204\123\326\202\015\377\010\213\364\146\016\377\011}{subsection.4.3}% 43
\BOOKMARK [2][-]{subsection.4.4}{\376\377\133\236\232\214\213\276\213\241\116\016\213\304\155\113\143\007\150\007}{section.4}% 44
\BOOKMARK [3][-]{subsubsection.4.4.1}{\376\377\123\302\145\160\217\271\165\114\116\016\000\040\000s\000i\000g\000m\000a\000\040\150\007\133\232\145\271\154\325}{subsection.4.4}% 45
\BOOKMARK [3][-]{subsubsection.4.4.2}{\376\377\142\275\150\067\213\276\213\241\116\016\177\156\117\341\123\072\225\364}{subsection.4.4}% 46
\BOOKMARK [2][-]{subsection.4.5}{\376\377\123\302\145\160\150\007\133\232\116\016\000\040\000G\000a\000m\000m\000a\000\040\220\011\142\351}{section.4}% 47
\BOOKMARK [2][-]{subsection.4.6}{\376\377\145\160\120\074\176\323\147\234\116\016\116\032\122\241\211\343\213\373}{section.4}% 48
\BOOKMARK [3][-]{subsubsection.4.6.1}{\376\377\116\032\122\241\211\343\213\373\116\016\173\241\164\006\124\057\171\072}{subsection.4.6}% 49
\BOOKMARK [3][-]{subsubsection.4.6.2}{\376\377\145\160\120\074\133\236\232\214\116\016\176\323\147\234\211\343\213\373}{subsection.4.6}% 50
\BOOKMARK [3][-]{subsubsection.4.6.3}{\376\377\131\015\163\260\133\236\232\214\143\007\137\025}{subsection.4.6}% 51
\BOOKMARK [2][-]{subsection.4.7}{\376\377\133\236\145\275\136\372\213\256\116\016\131\015\150\070}{section.4}% 52
\BOOKMARK [3][-]{subsubsection.4.7.1}{\376\377\173\124\150\110\116\016\217\223\121\372\377\010\204\075\127\060\123\343\137\204\377\011}{subsection.4.7}% 53
\BOOKMARK [3][-]{subsubsection.4.7.2}{\376\377\173\046\123\367\116\016\123\302\145\160\133\371\161\147\210\150}{subsection.4.7}% 54
\BOOKMARK [3][-]{subsubsection.4.7.3}{\376\377\000G\000a\000m\000m\000a\000\040\220\011\160\271\144\315\117\134\123\026\143\007\137\025}{subsection.4.7}% 55
\BOOKMARK [3][-]{subsubsection.4.7.4}{\376\377\133\236\145\275\116\016\217\320\176\364\136\372\213\256}{subsection.4.7}% 56
\BOOKMARK [3][-]{subsubsection.4.7.5}{\376\377\145\160\120\074\172\063\133\232\140\047\116\016\134\072\136\246\123\026\136\372\213\256}{subsection.4.7}% 57
\BOOKMARK [3][-]{subsubsection.4.7.6}{\376\377\137\161\133\120\116\367\377\010\133\371\120\166\377\011\116\016\116\032\122\241\124\053\116\111}{subsection.4.7}% 58
\BOOKMARK [3][-]{subsubsection.4.7.7}{\376\377\147\054\172\340\134\017\176\323\116\016\134\125\147\033}{subsection.4.7}% 59
\BOOKMARK [1][-]{section.5}{\376\377\116\367\150\074\123\315\231\210\116\016\122\250\140\001\156\332\122\250\117\030\123\026\173\126\165\145}{}% 60
\BOOKMARK [2][-]{subsection.5.1}{\376\377\152\041\127\213\122\250\147\072\116\016\213\276\133\232}{section.5}% 61
\BOOKMARK [3][-]{subsubsection.5.1.1}{\376\377\123\330\221\317\116\016\176\246\147\137\140\073\211\310}{subsection.5.1}% 62
\BOOKMARK [2][-]{subsection.5.2}{\376\377\116\367\150\074\040\024\117\233\176\331\040\024\225\000\221\317\123\315\231\210\116\016\213\306\122\053}{section.5}% 63
\BOOKMARK [3][-]{subsubsection.5.2.1}{\376\377\145\160\143\156\156\005\155\027\116\016\172\063\120\145\140\047}{subsection.5.2}% 64
\BOOKMARK [2][-]{subsection.5.3}{\376\377\140\305\146\157\165\037\142\020\116\016\123\302\145\160\146\364\145\260}{section.5}% 65
\BOOKMARK [3][-]{subsubsection.5.3.1}{\376\377\166\370\121\163\176\323\147\204\116\016\221\307\150\067}{subsection.5.3}% 66
\BOOKMARK [2][-]{subsection.5.4}{\376\377\124\053\000\040\000C\000V\000a\000R\000\040\166\204\116\044\226\066\153\265\156\332\122\250\117\030\123\026\152\041\127\213}{section.5}% 67
\BOOKMARK [3][-]{subsubsection.5.4.1}{\376\377\116\367\150\074\122\006\153\265\176\277\140\047\123\026\116\016\000\040\000M\000I\000P}{subsection.5.4}% 68
\BOOKMARK [2][-]{subsection.5.5}{\376\377\154\102\211\343\173\126\165\145\116\016\173\227\154\325\155\101\172\013}{section.5}% 69
\BOOKMARK [3][-]{subsubsection.5.5.1}{\376\377\131\015\147\102\136\246\116\016\145\066\145\133\140\047\213\250\213\272}{subsection.5.5}% 70
\BOOKMARK [2][-]{subsection.5.6}{\376\377\145\160\120\074\133\236\232\214\116\016\133\371\153\324\122\006\147\220}{section.5}% 71
\BOOKMARK [3][-]{subsubsection.5.6.1}{\376\377\133\236\232\214\213\276\177\156}{subsection.5.6}% 72
\BOOKMARK [3][-]{subsubsection.5.6.2}{\376\377\176\323\147\234\211\343\213\373}{subsection.5.6}% 73
\BOOKMARK [2][-]{subsection.5.7}{\376\377\145\117\141\037\140\047\116\016\172\063\120\145\140\047\213\250\213\272}{section.5}% 74
\BOOKMARK [3][-]{subsubsection.5.7.1}{\376\377\173\241\164\006\124\057\171\072\116\016\133\236\145\275\136\372\213\256}{subsection.5.7}% 75
\BOOKMARK [2][-]{subsection.5.8}{\376\377\147\054\172\340\134\017\176\323}{section.5}% 76
\BOOKMARK [1][-]{section*.87}{\376\377\123\302\200\003\145\207\163\056}{}% 77
\BOOKMARK [1][-]{appendix.A}{\376\377\173\227\154\325\116\016\133\236\163\260\213\364\146\016}{}% 78
\BOOKMARK [2][-]{subsection.A.1}{\376\377\122\007\143\142\142\020\147\054\166\204\220\273\143\245\176\277\140\047\123\026\116\016\130\236\221\317\122\162\165\037\142\020}{appendix.A}% 79
\BOOKMARK [2][-]{subsection.A.2}{\376\377\217\156\117\134\176\246\147\137\166\204\172\227\123\343\123\026\176\277\140\047\217\321\117\074\116\016\121\262\172\201\172\227\123\343\150\300\155\113}{appendix.A}% 80
\BOOKMARK [2][-]{subsection.A.3}{\376\377\000B\000e\000r\000t\000s\000i\000m\000a\000s\040\023\000S\000i\000m\000\040\230\204\173\227\116\015\170\156\133\232\226\306\166\204\234\201\150\322\173\111\116\367}{appendix.A}% 81
\BOOKMARK [2][-]{subsection.A.4}{\376\377\000G\000a\000m\000m\000a\000\040\177\121\150\074\116\016\136\025\175\057\142\130\217\307\156\344}{appendix.A}% 82
\BOOKMARK [2][-]{subsection.A.5}{\376\377\166\370\121\163\116\000\201\364\123\026\166\204\140\305\146\157\165\037\142\020\116\016\134\076\220\350\122\240\133\306}{appendix.A}% 83
\BOOKMARK [2][-]{subsection.A.6}{\376\377\124\053\000\040\000C\000V\000a\000R\000\040\166\204\136\164\136\246\156\332\122\250\117\030\123\026\377\010\173\200\123\026\157\024\171\072\377\011}{appendix.A}% 84
