This is XeTeX, Version 3.141592653-2.6-0.999997 (TeX Live 2025) (preloaded format=xetex 2025.8.6)  6 AUG 2025 16:05
entering extended mode
 restricted \write18 enabled.
 file:line:error style messages enabled.
 %&-line parsing enabled.
**abstract.tex
(./abstract.tex
./abstract.tex:5: Undefined control sequence.
l.5 \begin
          {abstract}
The control sequence at the end of the top line
of your error message was never \def'ed. If you have
misspelled it (e.g., `\hobx'), type `I' and the correct
spelling (e.g., `I\hbox'). Otherwise just continue,
and I'll forget about whatever was undefined.

Missing character: There is no 论 ("8BBA) in font cmr10!
Missing character: There is no 文 ("6587) in font cmr10!
Missing character: There is no 的 ("7684) in font cmr10!
Missing character: There is no 摘 ("6458) in font cmr10!
Missing character: There is no 要 ("8981) in font cmr10!
Missing character: There is no 是 ("662F) in font cmr10!
Missing character: There is no 对 ("5BF9) in font cmr10!
Missing character: There is no 论 ("8BBA) in font cmr10!
Missing character: There is no 文 ("6587) in font cmr10!
Missing character: There is no 研 ("7814) in font cmr10!
Missing character: There is no 究 ("7A76) in font cmr10!
Missing character: There is no 内 ("5185) in font cmr10!
Missing character: There is no 容 ("5BB9) in font cmr10!
Missing character: There is no 和 ("548C) in font cmr10!
Missing character: There is no 成 ("6210) in font cmr10!
Missing character: There is no 果 ("679C) in font cmr10!
Missing character: There is no 的 ("7684) in font cmr10!
Missing character: There is no 高 ("9AD8) in font cmr10!
Missing character: There is no 度 ("5EA6) in font cmr10!
Missing character: There is no 概 ("6982) in font cmr10!
Missing character: There is no 括 ("62EC) in font cmr10!
Missing character: There is no 。 ("3002) in font cmr10!
Missing character: There is no 摘 ("6458) in font cmr10!
Missing character: There is no 要 ("8981) in font cmr10!
Missing character: There is no 应 ("5E94) in font cmr10!
Missing character: There is no 对 ("5BF9) in font cmr10!
Missing character: There is no 论 ("8BBA) in font cmr10!
Missing character: There is no 文 ("6587) in font cmr10!
Missing character: There is no 所 ("6240) in font cmr10!
Missing character: There is no 研 ("7814) in font cmr10!
Missing character: There is no 究 ("7A76) in font cmr10!
Missing character: There is no 的 ("7684) in font cmr10!
Missing character: There is no 问 ("95EE) in font cmr10!
Missing character: There is no 题 ("9898) in font cmr10!
Missing character: There is no 及 ("53CA) in font cmr10!
Missing character: There is no 其 ("5176) in font cmr10!
Missing character: There is no 研 ("7814) in font cmr10!
Missing character: There is no 究 ("7A76) in font cmr10!
Missing character: There is no 目 ("76EE) in font cmr10!
Missing character: There is no 的 ("7684) in font cmr10!
Missing character: There is no 进 ("8FDB) in font cmr10!
Missing character: There is no 行 ("884C) in font cmr10!
Missing character: There is no 描 ("63CF) in font cmr10!
Missing character: There is no 述 ("8FF0) in font cmr10!
Missing character: There is no ， ("FF0C) in font cmr10!
Missing character: There is no 对 ("5BF9) in font cmr10!
Missing character: There is no 研 ("7814) in font cmr10!
Missing character: There is no 究 ("7A76) in font cmr10!
Missing character: There is no 方 ("65B9) in font cmr10!
Missing character: There is no 法 ("6CD5) in font cmr10!
Missing character: There is no 和 ("548C) in font cmr10!
Missing character: There is no 过 ("8FC7) in font cmr10!
Missing character: There is no 程 ("7A0B) in font cmr10!
Missing character: There is no 进 ("8FDB) in font cmr10!
Missing character: There is no 行 ("884C) in font cmr10!
Missing character: There is no 简 ("7B80) in font cmr10!
Missing character: There is no 单 ("5355) in font cmr10!
Missing character: There is no 介 ("4ECB) in font cmr10!
Missing character: There is no 绍 ("7ECD) in font cmr10!
Missing character: There is no ， ("FF0C) in font cmr10!
Missing character: There is no 对 ("5BF9) in font cmr10!
Missing character: There is no 研 ("7814) in font cmr10!
Missing character: There is no 究 ("7A76) in font cmr10!
Missing character: There is no 成 ("6210) in font cmr10!
Missing character: There is no 果 ("679C) in font cmr10!
Missing character: There is no 和 ("548C) in font cmr10!
Missing character: There is no 所 ("6240) in font cmr10!
Missing character: There is no 得 ("5F97) in font cmr10!
Missing character: There is no 结 ("7ED3) in font cmr10!
Missing character: There is no 论 ("8BBA) in font cmr10!
Missing character: There is no 进 ("8FDB) in font cmr10!
Missing character: There is no 行 ("884C) in font cmr10!
Missing character: There is no 概 ("6982) in font cmr10!
Missing character: There is no 括 ("62EC) in font cmr10!
Missing character: There is no 。 ("3002) in font cmr10!
Missing character: There is no 摘 ("6458) in font cmr10!
Missing character: There is no 要 ("8981) in font cmr10!
Missing character: There is no 应 ("5E94) in font cmr10!
Missing character: There is no 具 ("5177) in font cmr10!
Missing character: There is no 有 ("6709) in font cmr10!
Missing character: There is no 独 ("72EC) in font cmr10!
Missing character: There is no 立 ("7ACB) in font cmr10!
Missing character: There is no 性 ("6027) in font cmr10!
Missing character: There is no 和 ("548C) in font cmr10!
Missing character: There is no 自 ("81EA) in font cmr10!
Missing character: There is no 明 ("660E) in font cmr10!
Missing character: There is no 性 ("6027) in font cmr10!
Missing character: There is no ， ("FF0C) in font cmr10!
Missing character: There is no 其 ("5176) in font cmr10!
Missing character: There is no 内 ("5185) in font cmr10!
Missing character: There is no 容 ("5BB9) in font cmr10!
Missing character: There is no 应 ("5E94) in font cmr10!
Missing character: There is no 包 ("5305) in font cmr10!
Missing character: There is no 含 ("542B) in font cmr10!
Missing character: There is no 与 ("4E0E) in font cmr10!
Missing character: There is no 论 ("8BBA) in font cmr10!
Missing character: There is no 文 ("6587) in font cmr10!
Missing character: There is no 全 ("5168) in font cmr10!
Missing character: There is no 文 ("6587) in font cmr10!
Missing character: There is no 同 ("540C) in font cmr10!
Missing character: There is no 等 ("7B49) in font cmr10!
Missing character: There is no 量 ("91CF) in font cmr10!
Missing character: There is no 的 ("7684) in font cmr10!
Missing character: There is no 主 ("4E3B) in font cmr10!
Missing character: There is no 要 ("8981) in font cmr10!
Missing character: There is no 信 ("4FE1) in font cmr10!
Missing character: There is no 息 ("606F) in font cmr10!
Missing character: There is no 。 ("3002) in font cmr10!
Missing character: There is no 使 ("4F7F) in font cmr10!
Missing character: There is no 读 ("8BFB) in font cmr10!
Missing character: There is no 者 ("8005) in font cmr10!
Missing character: There is no 即 ("5373) in font cmr10!
Missing character: There is no 使 ("4F7F) in font cmr10!
Missing character: There is no 不 ("4E0D) in font cmr10!
Missing character: There is no 阅 ("9605) in font cmr10!
Missing character: There is no 读 ("8BFB) in font cmr10!
Missing character: There is no 全 ("5168) in font cmr10!
Missing character: There is no 文 ("6587) in font cmr10!
Missing character: There is no ， ("FF0C) in font cmr10!
Missing character: There is no 通 ("901A) in font cmr10!
Missing character: There is no 过 ("8FC7) in font cmr10!
Missing character: There is no 摘 ("6458) in font cmr10!
Missing character: There is no 要 ("8981) in font cmr10!
Missing character: There is no 就 ("5C31) in font cmr10!
Missing character: There is no 能 ("80FD) in font cmr10!
Missing character: There is no 了 ("4E86) in font cmr10!
Missing character: There is no 解 ("89E3) in font cmr10!
Missing character: There is no 论 ("8BBA) in font cmr10!
Missing character: There is no 文 ("6587) in font cmr10!
Missing character: There is no 的 ("7684) in font cmr10!
Missing character: There is no 总 ("603B) in font cmr10!
Missing character: There is no 体 ("4F53) in font cmr10!
Missing character: There is no 内 ("5185) in font cmr10!
Missing character: There is no 容 ("5BB9) in font cmr10!
Missing character: There is no 和 ("548C) in font cmr10!
Missing character: There is no 主 ("4E3B) in font cmr10!
Missing character: There is no 要 ("8981) in font cmr10!
Missing character: There is no 成 ("6210) in font cmr10!
Missing character: There is no 果 ("679C) in font cmr10!
Missing character: There is no 。 ("3002) in font cmr10!
Missing character: There is no 论 ("8BBA) in font cmr10!
Missing character: There is no 文 ("6587) in font cmr10!
Missing character: There is no 摘 ("6458) in font cmr10!
Missing character: There is no 要 ("8981) in font cmr10!
Missing character: There is no 的 ("7684) in font cmr10!
Missing character: There is no 书 ("4E66) in font cmr10!
Missing character: There is no 写 ("5199) in font cmr10!
Missing character: There is no 应 ("5E94) in font cmr10!
Missing character: There is no 力 ("529B) in font cmr10!
Missing character: There is no 求 ("6C42) in font cmr10!
Missing character: There is no 精 ("7CBE) in font cmr10!
Missing character: There is no 确 ("786E) in font cmr10!
Missing character: There is no 、 ("3001) in font cmr10!
Missing character: There is no 简 ("7B80) in font cmr10!
Missing character: There is no 明 ("660E) in font cmr10!
Missing character: There is no 。 ("3002) in font cmr10!
Missing character: There is no 切 ("5207) in font cmr10!
Missing character: There is no 忌 ("5FCC) in font cmr10!
Missing character: There is no 写 ("5199) in font cmr10!
Missing character: There is no 成 ("6210) in font cmr10!
Missing character: There is no 对 ("5BF9) in font cmr10!
Missing character: There is no 论 ("8BBA) in font cmr10!
Missing character: There is no 文 ("6587) in font cmr10!
Missing character: There is no 书 ("4E66) in font cmr10!
Missing character: There is no 写 ("5199) in font cmr10!
Missing character: There is no 内 ("5185) in font cmr10!
Missing character: There is no 容 ("5BB9) in font cmr10!
Missing character: There is no 进 ("8FDB) in font cmr10!
Missing character: There is no 行 ("884C) in font cmr10!
Missing character: There is no 提 ("63D0) in font cmr10!
Missing character: There is no 要 ("8981) in font cmr10!
Missing character: There is no 的 ("7684) in font cmr10!
Missing character: There is no 形 ("5F62) in font cmr10!
Missing character: There is no 式 ("5F0F) in font cmr10!
Missing character: There is no ， ("FF0C) in font cmr10!
Missing character: There is no 尤 ("5C24) in font cmr10!
Missing character: There is no 其 ("5176) in font cmr10!
Missing character: There is no 要 ("8981) in font cmr10!
Missing character: There is no 避 ("907F) in font cmr10!
Missing character: There is no 免 ("514D) in font cmr10!
Missing character: There is no “ ("201C) in font cmr10!
Missing character: There is no 第 ("7B2C) in font cmr10!
Missing character: There is no 章 ("7AE0) in font cmr10!
Missing character: There is no … ("2026) in font cmr10!
Missing character: There is no … ("2026) in font cmr10!
Missing character: There is no ； ("FF1B) in font cmr10!
Missing character: There is no 第 ("7B2C) in font cmr10!
Missing character: There is no 章 ("7AE0) in font cmr10!
Missing character: There is no … ("2026) in font cmr10!
Missing character: There is no … ("2026) in font cmr10!
Missing character: There is no ； ("FF1B) in font cmr10!
Missing character: There is no … ("2026) in font cmr10!
Missing character: There is no … ("2026) in font cmr10!
Missing character: There is no ” ("201D) in font cmr10!
Missing character: There is no 这 ("8FD9) in font cmr10!
Missing character: There is no 种 ("79CD) in font cmr10!
Missing character: There is no 或 ("6216) in font cmr10!
Missing character: There is no 类 ("7C7B) in font cmr10!
Missing character: There is no 似 ("4F3C) in font cmr10!
Missing character: There is no 的 ("7684) in font cmr10!
Missing character: There is no 陈 ("9648) in font cmr10!
Missing character: There is no 述 ("8FF0) in font cmr10!
Missing character: There is no 方 ("65B9) in font cmr10!
Missing character: There is no 式 ("5F0F) in font cmr10!
Missing character: There is no 。 ("3002) in font cmr10!
Missing character: There is no 关 ("5173) in font cmr10!
Missing character: There is no 键 ("952E) in font cmr10!
Missing character: There is no 词 ("8BCD) in font cmr10!
Missing character: There is no 是 ("662F) in font cmr10!
Missing character: There is no 为 ("4E3A) in font cmr10!
Missing character: There is no 了 ("4E86) in font cmr10!
Missing character: There is no 文 ("6587) in font cmr10!
Missing character: There is no 献 ("732E) in font cmr10!
Missing character: There is no 标 ("6807) in font cmr10!
Missing character: There is no 引 ("5F15) in font cmr10!
Missing character: There is no 工 ("5DE5) in font cmr10!
Missing character: There is no 作 ("4F5C) in font cmr10!
Missing character: There is no 、 ("3001) in font cmr10!
Missing character: There is no 用 ("7528) in font cmr10!
Missing character: There is no 以 ("4EE5) in font cmr10!
Missing character: There is no 表 ("8868) in font cmr10!
Missing character: There is no 示 ("793A) in font cmr10!
Missing character: There is no 全 ("5168) in font cmr10!
Missing character: There is no 文 ("6587) in font cmr10!
Missing character: There is no 主 ("4E3B) in font cmr10!
Missing character: There is no 要 ("8981) in font cmr10!
Missing character: There is no 内 ("5185) in font cmr10!
Missing character: There is no 容 ("5BB9) in font cmr10!
Missing character: There is no 信 ("4FE1) in font cmr10!
Missing character: There is no 息 ("606F) in font cmr10!
Missing character: There is no 的 ("7684) in font cmr10!
Missing character: There is no 单 ("5355) in font cmr10!
Missing character: There is no 词 ("8BCD) in font cmr10!
Missing character: There is no 或 ("6216) in font cmr10!
Missing character: There is no 术 ("672F) in font cmr10!
Missing character: There is no 语 ("8BED) in font cmr10!
Missing character: There is no 。 ("3002) in font cmr10!
Missing character: There is no 关 ("5173) in font cmr10!
Missing character: There is no 键 ("952E) in font cmr10!
Missing character: There is no 词 ("8BCD) in font cmr10!
Missing character: There is no 不 ("4E0D) in font cmr10!
Missing character: There is no 超 ("8D85) in font cmr10!
Missing character: There is no 过 ("8FC7) in font cmr10!
Missing character: There is no 个 ("4E2A) in font cmr10!
Missing character: There is no ， ("FF0C) in font cmr10!
Missing character: There is no 每 ("6BCF) in font cmr10!
Missing character: There is no 个 ("4E2A) in font cmr10!
Missing character: There is no 关 ("5173) in font cmr10!
Missing character: There is no 键 ("952E) in font cmr10!
Missing character: There is no 词 ("8BCD) in font cmr10!
Missing character: There is no 中 ("4E2D) in font cmr10!
Missing character: There is no 间 ("95F4) in font cmr10!
Missing character: There is no 用 ("7528) in font cmr10!
Missing character: There is no 分 ("5206) in font cmr10!
Missing character: There is no 号 ("53F7) in font cmr10!
Missing character: There is no 分 ("5206) in font cmr10!
Missing character: There is no 隔 ("9694) in font cmr10!
Missing character: There is no 。 ("3002) in font cmr10!
./abstract.tex:18: Undefined control sequence.
l.18   \thusetup
                {
The control sequence at the end of the top line
of your error message was never \def'ed. If you have
misspelled it (e.g., `\hobx'), type `I' and the correct
spelling (e.g., `I\hbox'). Otherwise just continue,
and I'll forget about whatever was undefined.

Missing character: There is no 关 ("5173) in font cmr10!
Missing character: There is no 键 ("952E) in font cmr10!
Missing character: There is no 词 ("8BCD) in font cmr10!
Missing character: There is no 关 ("5173) in font cmr10!
Missing character: There is no 键 ("952E) in font cmr10!
Missing character: There is no 词 ("8BCD) in font cmr10!
Missing character: There is no 关 ("5173) in font cmr10!
Missing character: There is no 键 ("952E) in font cmr10!
Missing character: There is no 词 ("8BCD) in font cmr10!
Missing character: There is no 关 ("5173) in font cmr10!
Missing character: There is no 键 ("952E) in font cmr10!
Missing character: There is no 词 ("8BCD) in font cmr10!
Missing character: There is no 关 ("5173) in font cmr10!
Missing character: There is no 键 ("952E) in font cmr10!
Missing character: There is no 词 ("8BCD) in font cmr10!
[1] )
Output written on abstract.pdf (1 page).
