\BOOKMARK [0][]{section*.1}{\376\377\166\356\137\125}{}% 1
\BOOKMARK [0][]{chapter.1}{\376\377\173\054\0001\172\340\000\040\230\171\166\356\200\314\146\157}{}% 2
\BOOKMARK [1][-]{section.1.1}{\376\377\0001\000.\0001\000\040\220\011\230\230\147\145\156\220}{chapter.1}% 3
\BOOKMARK [1][-]{section.1.2}{\376\377\0001\000.\0002\000\040\220\011\230\230\141\017\116\111}{chapter.1}% 4
\BOOKMARK [1][-]{section.1.3}{\376\377\0001\000.\0003\000\040\145\077\173\126\122\006\147\220}{chapter.1}% 5
\BOOKMARK [1][-]{section.1.4}{\376\377\0001\000.\0004\000\040\230\171\166\356\137\000\123\321\200\314\146\157}{chapter.1}% 6
\BOOKMARK [0][]{chapter.2}{\376\377\173\054\0002\172\340\000\040\136\002\127\072\116\016\172\336\116\211\122\006\147\220}{}% 7
\BOOKMARK [1][-]{section.2.1}{\376\377\0002\000.\0001\000\040\136\002\127\072\200\314\146\157\116\016\215\213\122\277}{chapter.2}% 8
\BOOKMARK [1][-]{section.2.2}{\376\377\0002\000.\0002\000\040\136\002\127\072\211\304\152\041\116\016\157\134\122\233}{chapter.2}% 9
\BOOKMARK [1][-]{section.2.3}{\376\377\0002\000.\0003\000\040\172\336\124\301\122\006\147\220}{chapter.2}% 10
\BOOKMARK [2][-]{subsection.2.3.1}{\376\377\0002\000.\0003\000.\0001\000\040\230\171\166\356\173\200\116\313}{section.2.3}% 11
\BOOKMARK [2][-]{subsection.2.3.2}{\376\377\0002\000.\0003\000.\0002\000\040\165\050\142\067\165\333\160\271\124\214\227\000\154\102}{section.2.3}% 12
\BOOKMARK [2][-]{subsection.2.3.3}{\376\377\0002\000.\0003\000.\0003\000\040\136\002\227\142\116\012\117\134\124\301\162\171\160\271\116\016\142\200\147\057}{section.2.3}% 13
\BOOKMARK [1][-]{section.2.4}{\376\377\0002\000.\0004\000\040\136\002\127\072\172\336\116\211\116\016\122\115\146\157}{chapter.2}% 14
\BOOKMARK [1][-]{section.2.5}{\376\377\0002\000.\0005\000\040\166\356\150\007\136\002\127\072}{chapter.2}% 15
\BOOKMARK [1][-]{section.2.6}{\376\377\0002\000.\0006\000\040\172\336\116\211\122\006\147\220}{chapter.2}% 16
\BOOKMARK [1][-]{section.2.7}{\376\377\0002\000.\0007\000\040\123\321\134\125\142\030\165\145}{chapter.2}% 17
\BOOKMARK [0][]{chapter.3}{\376\377\173\054\0003\172\340\000\040\133\211\210\305\123\312\117\177\165\050}{}% 18
\BOOKMARK [1][-]{section.3.1}{\376\377\0003\000.\0001\000\040\174\373\176\337\217\320\210\114\163\257\130\203}{chapter.3}% 19
\BOOKMARK [1][-]{section.3.2}{\376\377\0003\000.\0002\000\040\174\373\176\337\116\073\211\201\122\237\200\375}{chapter.3}% 20
\BOOKMARK [2][-]{subsection.3.2.1}{\376\377\0003\000.\0002\000.\0001\000\040\123\321\227\363\176\303\116\140\152\041\127\127}{section.3.2}% 21
\BOOKMARK [2][-]{subsection.3.2.2}{\376\377\0003\000.\0002\000.\0002\000\040\225\031\126\340\122\006\147\220\116\016\146\172\200\375\211\304\122\022}{section.3.2}% 22
\BOOKMARK [0][]{chapter.4}{\376\377\173\054\0004\172\340\000\040\174\373\176\337\145\271\150\110}{}% 23
\BOOKMARK [1][-]{section.4.1}{\376\377\0004\000.\0001\000\040\140\073\117\123\213\276\213\241}{chapter.4}% 24
\BOOKMARK [1][-]{section.4.2}{\376\377\0004\000.\0002\000\040\140\073\117\123\147\266\147\204}{chapter.4}% 25
