\BOOKMARK [0][]{thuchapter.1.0}{\376\377\144\130\211\201}{}% 1
\BOOKMARK [0][]{thuchapter.2.0}{\376\377\000A\000b\000s\000t\000r\000a\000c\000t}{}% 2
\BOOKMARK [0][]{thuchapter.3.0}{\376\377\166\356\137\125}{}% 3
\BOOKMARK [0][]{chapter.1}{\376\377\173\054\0001\172\340\000\040\230\171\166\356\200\314\146\157}{}% 4
\BOOKMARK [1][-]{section.1.1}{\376\377\0001\000.\0001\000\040\220\011\230\230\147\145\156\220}{chapter.1}% 5
\BOOKMARK [1][-]{section.1.2}{\376\377\0001\000.\0002\000\040\220\011\230\230\141\017\116\111}{chapter.1}% 6
\BOOKMARK [1][-]{section.1.3}{\376\377\0001\000.\0003\000\040\145\077\173\126\122\006\147\220}{chapter.1}% 7
\BOOKMARK [1][-]{section.1.4}{\376\377\0001\000.\0004\000\040\230\171\166\356\137\000\123\321\200\314\146\157}{chapter.1}% 8
\BOOKMARK [0][]{chapter.2}{\376\377\173\054\0002\172\340\000\040\136\002\127\072\116\016\172\336\116\211\122\006\147\220}{}% 9
\BOOKMARK [1][-]{section.2.1}{\376\377\0002\000.\0001\000\040\136\002\127\072\200\314\146\157\116\016\215\213\122\277}{chapter.2}% 10
\BOOKMARK [1][-]{section.2.2}{\376\377\0002\000.\0002\000\040\136\002\127\072\211\304\152\041\116\016\157\134\122\233}{chapter.2}% 11
\BOOKMARK [1][-]{section.2.3}{\376\377\0002\000.\0003\000\040\172\336\124\301\122\006\147\220}{chapter.2}% 12
\BOOKMARK [2][-]{subsection.2.3.1}{\376\377\0002\000.\0003\000.\0001\000\040\230\171\166\356\173\200\116\313}{section.2.3}% 13
\BOOKMARK [2][-]{subsection.2.3.2}{\376\377\0002\000.\0003\000.\0002\000\040\165\050\142\067\165\333\160\271\124\214\227\000\154\102}{section.2.3}% 14
\BOOKMARK [2][-]{subsection.2.3.3}{\376\377\0002\000.\0003\000.\0003\000\040\136\002\227\142\116\012\117\134\124\301\162\171\160\271\116\016\142\200\147\057}{section.2.3}% 15
\BOOKMARK [1][-]{section.2.4}{\376\377\0002\000.\0004\000\040\136\002\127\072\172\336\116\211\116\016\122\115\146\157}{chapter.2}% 16
\BOOKMARK [1][-]{section.2.5}{\376\377\0002\000.\0005\000\040\166\356\150\007\136\002\127\072}{chapter.2}% 17
\BOOKMARK [1][-]{section.2.6}{\376\377\0002\000.\0006\000\040\172\336\116\211\122\006\147\220}{chapter.2}% 18
\BOOKMARK [1][-]{section.2.7}{\376\377\0002\000.\0007\000\040\123\321\134\125\142\030\165\145}{chapter.2}% 19
\BOOKMARK [0][]{chapter.3}{\376\377\173\054\0003\172\340\000\040\174\373\176\337\145\271\150\110}{}% 20
\BOOKMARK [1][-]{section.3.1}{\376\377\0003\000.\0001\000\040\140\073\117\123\213\276\213\241}{chapter.3}% 21
\BOOKMARK [1][-]{section.3.2}{\376\377\0003\000.\0002\000\040\140\073\117\123\147\266\147\204}{chapter.3}% 22
\BOOKMARK [2][-]{subsection.3.2.1}{\376\377\0003\000.\0002\000.\0001\000\040\145\160\143\156\116\016\167\345\213\306\134\102}{section.3.2}% 23
\BOOKMARK [2][-]{subsection.3.2.2}{\376\377\0003\000.\0002\000.\0002\000\040\150\070\137\303\173\227\154\325\134\102}{section.3.2}% 24
\BOOKMARK [2][-]{subsection.3.2.3}{\376\377\0003\000.\0002\000.\0003\000\040\136\224\165\050\143\245\123\343\134\102}{section.3.2}% 25
\BOOKMARK [1][-]{section.3.3}{\376\377\0003\000.\0003\000\040\142\200\147\057\215\357\176\277}{chapter.3}% 26
\BOOKMARK [1][-]{section.3.4}{\376\377\0003\000.\0004\000\040\142\100\165\050\122\060\166\204\142\200\147\057\116\345\123\312\152\041\127\127\213\364\146\016}{chapter.3}% 27
\BOOKMARK [2][-]{subsection.3.4.1}{\376\377\0003\000.\0004\000.\0001\000\040\131\032\152\041\140\001\167\345\213\306\126\376\214\061\147\204\136\372\116\016\173\241\164\006\152\041\127\127}{section.3.4}% 28
\BOOKMARK [2][-]{subsection.3.4.2}{\376\377\0003\000.\0004\000.\0002\000\040\167\345\213\306\126\376\214\061\123\357\211\306\123\026}{section.3.4}% 29
\BOOKMARK [2][-]{subsection.3.4.3}{\376\377\0003\000.\0004\000.\0003\000\040\123\321\227\363\176\303\116\140\116\016\146\172\200\375\213\312\145\255\152\041\127\127}{section.3.4}% 30
\BOOKMARK [2][-]{subsection.3.4.4}{\376\377\0003\000.\0004\000.\0004\000\040\116\052\140\047\123\026\213\304\117\060\116\016\133\146\116\140\215\357\137\204\152\041\127\127}{section.3.4}% 31
\BOOKMARK [2][-]{subsection.3.4.5}{\376\377\0003\000.\0004\000.\0005\000\040\146\172\200\375\225\356\173\124\116\016\167\345\213\306\150\300\175\042\152\041\127\127}{section.3.4}% 32
\BOOKMARK [2][-]{subsection.3.4.6}{\376\377\0003\000.\0004\000.\0006\000\040\201\352\217\333\123\026\152\041\127\213\213\255\176\303\152\041\127\127}{section.3.4}% 33
\BOOKMARK [1][-]{section.3.5}{\376\377\0003\000.\0005\000\040\142\100\117\177\165\050\122\060\166\204\217\157\116\366}{chapter.3}% 34
\BOOKMARK [0][]{chapter.4}{\376\377\173\054\0004\172\340\000\040\133\211\210\305\123\312\117\177\165\050}{}% 35
\BOOKMARK [1][-]{section.4.1}{\376\377\0004\000.\0001\000\040\174\373\176\337\217\320\210\114\163\257\130\203}{chapter.4}% 36
\BOOKMARK [1][-]{section.4.2}{\376\377\0004\000.\0002\000\040\174\373\176\337\116\073\211\201\122\237\200\375}{chapter.4}% 37
\BOOKMARK [2][-]{subsection.4.2.1}{\376\377\0004\000.\0002\000.\0001\000\040\123\321\227\363\176\303\116\140\152\041\127\127}{section.4.2}% 38
\BOOKMARK [2][-]{subsection.4.2.2}{\376\377\0004\000.\0002\000.\0002\000\040\225\031\126\340\122\006\147\220\116\016\146\172\200\375\211\304\122\022}{section.4.2}% 39
\BOOKMARK [0][]{chapter.5}{\376\377\173\054\0005\172\340\000\040\126\342\226\037\116\313\176\315}{}% 40
\BOOKMARK [1][-]{section.5.1}{\376\377\0005\000.\0001\000\040\143\007\133\374\200\001\136\010\116\313\176\315}{chapter.5}% 41
\BOOKMARK [1][-]{section.5.2}{\376\377\0005\000.\0002\000\040\126\342\226\037\116\313\176\315}{chapter.5}% 42
\BOOKMARK [1][-]{section.5.3}{\376\377\0005\000.\0003\000\040\126\342\226\037\140\073\176\323}{chapter.5}% 43
\BOOKMARK [0][]{chapter.6}{\376\377\173\054\0006\172\340\000\040\230\316\226\151\116\016\213\304\117\060}{}% 44
\BOOKMARK [1][-]{section.6.1}{\376\377\0006\000.\0001\000\040\136\002\127\072\230\316\226\151}{chapter.6}% 45
\BOOKMARK [2][-]{subsection.6.1.1}{\376\377\0006\000.\0001\000.\0001\000\040\230\316\226\151\143\317\217\360}{section.6.1}% 46
\BOOKMARK [2][-]{subsection.6.1.2}{\376\377\0006\000.\0001\000.\0002\000\040\136\224\133\371\173\126\165\145}{section.6.1}% 47
\BOOKMARK [1][-]{section.6.2}{\376\377\0006\000.\0002\000\040\165\050\142\067\143\245\123\327\136\246\230\316\226\151}{chapter.6}% 48
\BOOKMARK [2][-]{subsection.6.2.1}{\376\377\0006\000.\0002\000.\0001\000\040\230\316\226\151\143\317\217\360}{section.6.2}% 49
\BOOKMARK [2][-]{subsection.6.2.2}{\376\377\0006\000.\0002\000.\0002\000\040\136\224\133\371\173\126\165\145}{section.6.2}% 50
\BOOKMARK [1][-]{section.6.3}{\376\377\0006\000.\0003\000\040\145\160\143\156\124\010\211\304\116\016\226\220\171\301\230\316\226\151}{chapter.6}% 51
\BOOKMARK [2][-]{subsection.6.3.1}{\376\377\0006\000.\0003\000.\0001\000\040\230\316\226\151\143\317\217\360}{section.6.3}% 52
\BOOKMARK [2][-]{subsection.6.3.2}{\376\377\0006\000.\0003\000.\0002\000\040\136\224\133\371\173\126\165\145}{section.6.3}% 53
\BOOKMARK [1][-]{section.6.4}{\376\377\0006\000.\0004\000\040\215\104\156\220\116\016\142\020\147\054\143\247\122\066\230\316\226\151}{chapter.6}% 54
\BOOKMARK [2][-]{subsection.6.4.1}{\376\377\0006\000.\0004\000.\0001\000\040\230\316\226\151\143\317\217\360\123\312\173\111\176\247\213\304\117\060}{section.6.4}% 55
\BOOKMARK [2][-]{subsection.6.4.2}{\376\377\0006\000.\0004\000.\0002\000\040\136\224\133\371\173\126\165\145}{section.6.4}% 56
