\BOOKMARK [0][-]{chapter.1}{\376\377\176\352\213\272}{}% 1
\BOOKMARK [1][-]{section.1.1}{\376\377\213\376\230\230\200\314\146\157\116\016\170\024\172\166\141\017\116\111}{chapter.1}% 2
\BOOKMARK [2][-]{subsection.1.1.1}{\376\377\213\376\230\230\200\314\146\157}{section.1.1}% 3
\BOOKMARK [2][-]{subsection.1.1.2}{\376\377\170\024\172\166\141\017\116\111}{section.1.1}% 4
\BOOKMARK [1][-]{section.1.2}{\376\377\126\375\121\205\131\026\170\024\172\166\163\260\162\266}{chapter.1}% 5
\BOOKMARK [2][-]{subsection.1.2.1}{\376\377\126\375\121\205\170\024\172\166\163\260\162\266}{section.1.2}% 6
\BOOKMARK [2][-]{subsection.1.2.2}{\376\377\126\375\131\026\170\024\172\166\163\260\162\266}{section.1.2}% 7
\BOOKMARK [0][-]{chapter.2}{\376\377\121\163\225\056\142\200\147\057\116\313\176\315}{}% 8
\BOOKMARK [1][-]{section.2.1}{\376\377\000n\0008\000n\150\106\147\266}{chapter.2}% 9
\BOOKMARK [1][-]{section.2.2}{\376\377\000d\000e\000e\000p\000s\000e\000e\000k\131\047\213\355\212\000\152\041\127\213}{chapter.2}% 10
\BOOKMARK [1][-]{section.2.3}{\376\377\000s\000u\000p\000a\000b\000a\000s\000e\124\021\221\317\145\160\143\156\136\223}{chapter.2}% 11
\BOOKMARK [1][-]{section.2.4}{\376\377\000o\000l\000l\000a\000m\000a}{chapter.2}% 12
\BOOKMARK [1][-]{section.2.5}{\376\377\000O\000p\000e\000n\000A\000I\135\114\121\145\152\041\127\213}{chapter.2}% 13
\BOOKMARK [1][-]{section.2.6}{\376\377\000H\000u\000g\000g\000i\000n\000g\000\040\000F\000a\000c\000e}{chapter.2}% 14
\BOOKMARK [1][-]{section.2.7}{\376\377\000M\000C\000P}{chapter.2}% 15
\BOOKMARK [1][-]{section.2.8}{\376\377\124\016\172\357\150\106\147\266}{chapter.2}% 16
\BOOKMARK [1][-]{section.2.9}{\376\377\122\115\172\357\150\106\147\266}{chapter.2}% 17
\BOOKMARK [0][-]{chapter.3}{\376\377\174\373\176\337\227\000\154\102\122\006\147\220}{}% 18
\BOOKMARK [1][-]{section.3.1}{\376\377\122\237\200\375\140\047\227\000\154\102\122\006\147\220}{chapter.3}% 19
\BOOKMARK [2][-]{subsection.3.1.1}{\376\377\140\073\117\123\147\266\147\204}{section.3.1}% 20
\BOOKMARK [2][-]{subsection.3.1.2}{\376\377\146\172\200\375\121\372\230\230}{section.3.1}% 21
\BOOKMARK [2][-]{subsection.3.1.3}{\376\377\146\172\200\375\213\262\116\111}{section.3.1}% 22
\BOOKMARK [2][-]{subsection.3.1.4}{\376\377\146\172\200\375\142\171\145\071}{section.3.1}% 23
\BOOKMARK [2][-]{subsection.3.1.5}{\376\377\146\172\200\375\236\330\121\231}{section.3.1}% 24
\BOOKMARK [2][-]{subsection.3.1.6}{\376\377\146\172\200\375\144\034\175\042}{section.3.1}% 25
\BOOKMARK [1][-]{section.3.2}{\376\377\227\136\122\237\200\375\140\047\227\000\154\102\122\006\147\220}{chapter.3}% 26
\BOOKMARK [0][-]{chapter.4}{\376\377\174\373\176\337\213\276\213\241}{}% 27
\BOOKMARK [1][-]{section.4.1}{\376\377\174\373\176\337\213\276\213\241\166\356\150\007}{chapter.4}% 28
\BOOKMARK [1][-]{section.4.2}{\376\377\174\373\176\337\176\323\147\204\213\276\213\241}{chapter.4}% 29
\BOOKMARK [2][-]{subsection.4.2.1}{\376\377\210\150\163\260\134\102}{section.4.2}% 30
\BOOKMARK [2][-]{subsection.4.2.2}{\376\377\143\245\123\343\134\102}{section.4.2}% 31
\BOOKMARK [2][-]{subsection.4.2.3}{\376\377\116\032\122\241\220\073\217\221\134\102}{section.4.2}% 32
\BOOKMARK [2][-]{subsection.4.2.4}{\376\377\152\041\127\213\116\016\173\227\154\325\134\102}{section.4.2}% 33
\BOOKMARK [2][-]{subsection.4.2.5}{\376\377\145\160\143\156\116\016\215\104\156\220\134\102}{section.4.2}% 34
\BOOKMARK [1][-]{section.4.3}{\376\377\174\373\176\337\152\041\127\127\213\276\213\241}{chapter.4}% 35
\BOOKMARK [2][-]{subsection.4.3.1}{\376\377\152\041\127\127\122\022\122\006\123\237\122\031\116\016\213\276\213\241\140\035\215\357}{section.4.3}% 36
\BOOKMARK [2][-]{subsection.4.3.2}{\376\377\152\041\127\127\122\237\200\375\140\073\211\310\126\376}{section.4.3}% 37
\BOOKMARK [0][-]{chapter.5}{\376\377\121\167\117\123\152\041\127\127\133\236\163\260}{}% 38
\BOOKMARK [1][-]{section.5.1}{\376\377\145\160\143\156\173\241\164\006\116\016\124\021\221\317\123\026\217\154\143\142}{chapter.5}% 39
\BOOKMARK [1][-]{section.5.2}{\376\377\167\345\213\306\150\300\175\042\116\016\146\172\200\375\225\356\173\124}{chapter.5}% 40
\BOOKMARK [1][-]{section.5.3}{\376\377\165\037\142\020\213\262\116\111}{chapter.5}% 41
\BOOKMARK [1][-]{section.5.4}{\376\377\120\132\230\230\152\041\127\127}{chapter.5}% 42
\BOOKMARK [1][-]{section.5.5}{\376\377\146\172\200\375\142\171\145\071\122\237\200\375}{chapter.5}% 43
\BOOKMARK [1][-]{section.5.6}{\376\377\236\330\121\231\152\041\127\127}{chapter.5}% 44
\BOOKMARK [1][-]{section.5.7}{\376\377\144\034\175\042\152\041\127\127}{chapter.5}% 45
\BOOKMARK [0][-]{chapter.6}{\376\377\150\070\137\303\173\227\154\325}{}% 46
\BOOKMARK [1][-]{section.6.1}{\376\377\127\372\116\216\000\040\000H\000u\000g\000g\000i\000n\000g\000F\000a\000c\000e\000\040\166\204\131\047\213\355\212\000\152\041\127\213\137\256\214\003\173\227\154\325}{chapter.6}% 47
\BOOKMARK [1][-]{section.6.2}{\376\377\127\372\116\216\123\167\171\357\171\136\176\317\177\121\176\334\377\010\000C\000N\000N\377\011\166\204\225\031\122\053\133\127\213\306\122\053\173\227\154\325}{chapter.6}% 48
\BOOKMARK [1][-]{section.6.3}{\376\377\127\372\116\216\123\314\152\041\127\213\166\204\116\244\116\222\142\123\122\006\122\044\133\232\173\227\154\325}{chapter.6}% 49
\BOOKMARK [1][-]{section.6.4}{\376\377\127\372\116\216\000\040\000S\000p\000a\000r\000k\000\040\150\106\147\266\166\204\177\121\230\165\117\341\140\157\131\004\164\006\173\227\154\325}{chapter.6}% 50
\BOOKMARK [0][-]{chapter.7}{\376\377\117\177\165\050\142\113\121\214}{}% 51
\BOOKMARK [0][-]{chapter.8}{\376\377\134\125\147\033}{}% 52
