\BOOKMARK [0][]{section*.1}{\376\377\144\130\211\201}{}% 1
\BOOKMARK [0][]{section*.3}{\376\377\000A\000b\000s\000t\000r\000a\000c\000t}{}% 2
\BOOKMARK [0][]{section*.5}{\376\377\166\356\137\125}{}% 3
\BOOKMARK [0][]{section*.7}{\376\377\143\322\126\376\156\005\123\125}{}% 4
\BOOKMARK [0][]{section*.9}{\376\377\226\104\210\150\156\005\123\125}{}% 5
\BOOKMARK [0][]{chapter.1}{\376\377\173\054\0001\172\340\000\040\176\352\213\272}{}% 6
\BOOKMARK [1][-]{section.1.1}{\376\377\0001\000.\0001\000\040\170\024\172\166\200\314\146\157}{chapter.1}% 7
\BOOKMARK [2][-]{subsection.1.1.1}{\376\377\0001\000.\0001\000.\0001\000\040\145\077\173\126\145\057\143\001}{section.1.1}% 8
\BOOKMARK [2][-]{subsection.1.1.2}{\376\377\0001\000.\0001\000.\0002\000\040\171\076\117\032\200\314\146\157}{section.1.1}% 9
\BOOKMARK [2][-]{subsection.1.1.3}{\376\377\0001\000.\0001\000.\0003\000\040\136\002\127\072\122\006\147\220}{section.1.1}% 10
\BOOKMARK [1][-]{section.1.2}{\376\377\0001\000.\0002\000\040\126\375\121\205\170\024\172\166\163\260\162\266}{chapter.1}% 11
\BOOKMARK [1][-]{section.1.3}{\376\377\0001\000.\0003\000\040\126\375\131\026\170\024\172\166\163\260\162\266}{chapter.1}% 12
\BOOKMARK [1][-]{section.1.4}{\376\377\0001\000.\0004\000\040\170\024\172\166\166\356\166\204}{chapter.1}% 13
\BOOKMARK [2][-]{subsection.1.4.1}{\376\377\0001\000.\0004\000.\0001\000\040\147\204\136\372\232\330\123\357\227\140\140\047\166\204\213\244\167\345\213\312\145\255\116\016\150\041\121\306\137\025\144\316}{section.1.4}% 14
\BOOKMARK [2][-]{subsection.1.4.2}{\376\377\0001\000.\0004\000.\0002\000\040\213\276\213\241\145\057\143\001\131\015\147\102\145\131\133\146\121\263\173\126\166\204\146\172\200\375\117\123\123\117\124\014\150\106\147\266}{section.1.4}% 15
\BOOKMARK [2][-]{subsection.1.4.3}{\376\377\0001\000.\0004\000.\0003\000\040\133\236\163\260\040\034\126\340\147\120\145\275\145\131\040\035\166\204\122\250\140\001\133\146\116\140\215\357\137\204\211\304\122\022\173\227\154\325}{section.1.4}% 16
\BOOKMARK [2][-]{subsection.1.4.4}{\376\377\0001\000.\0004\000.\0004\000\040\136\372\172\313\123\357\143\001\176\355\060\001\117\116\142\020\147\054\166\204\152\041\127\213\201\352\217\333\123\026\165\037\140\001\174\373\176\337}{section.1.4}% 17
\BOOKMARK [1][-]{section.1.5}{\376\377\0001\000.\0005\000\040\170\024\172\166\121\205\133\271}{chapter.1}% 18
\BOOKMARK [0][]{chapter.2}{\376\377\173\054\0002\172\340\000\040\122\237\200\375\213\276\213\241}{}% 19
\BOOKMARK [1][-]{section.2.1}{\376\377\0002\000.\0001\000\040\227\000\154\102\122\006\147\220}{chapter.2}% 20
\BOOKMARK [2][-]{subsection.2.1.1}{\376\377\0002\000.\0001\000.\0001\000\040\122\237\200\375\140\047\227\000\154\102\122\006\147\220}{section.2.1}% 21
\BOOKMARK [2][-]{subsection.2.1.2}{\376\377\0002\000.\0001\000.\0002\000\040\227\136\122\237\200\375\140\047\227\000\154\102\122\006\147\220}{section.2.1}% 22
\BOOKMARK [1][-]{section.2.2}{\376\377\0002\000.\0002\000\040\136\163\123\360\122\237\200\375\213\276\213\241}{chapter.2}% 23
\BOOKMARK [2][-]{subsection.2.2.1}{\376\377\0002\000.\0002\000.\0001\000\040\165\050\142\067\173\241\164\006\116\016\133\146\116\140\166\356\150\007\213\276\133\232\152\041\127\127}{section.2.2}% 24
\BOOKMARK [2][-]{subsection.2.2.2}{\376\377\0002\000.\0002\000.\0002\000\040\123\357\211\306\123\026\167\345\213\306\202\202\160\271\133\146\116\140\152\041\127\127}{section.2.2}% 25
\BOOKMARK [2][-]{subsection.2.2.3}{\376\377\0002\000.\0002\000.\0003\000\040\116\244\116\222\137\017\167\345\213\306\126\376\214\061\143\242\175\042\152\041\127\127}{section.2.2}% 26
\BOOKMARK [2][-]{subsection.2.2.4}{\376\377\0002\000.\0002\000.\0004\000\040\150\070\137\303\123\321\227\363\176\303\116\140\116\016\146\172\200\375\213\312\145\255\152\041\127\127}{section.2.2}% 27
\BOOKMARK [2][-]{subsection.2.2.5}{\376\377\0002\000.\0002\000.\0005\000\040\201\352\220\002\136\224\213\304\117\060\116\016\133\146\116\140\215\357\137\204\211\304\122\022\152\041\127\127}{section.2.2}% 28
\BOOKMARK [0][]{chapter.3}{\376\377\173\054\0003\172\340\000\040\131\032\152\041\140\001\145\271\212\000\227\363\174\373\167\345\213\306\126\376\214\061\166\204\147\204\136\372}{}% 29
\BOOKMARK [1][-]{section.3.1}{\376\377\0003\000.\0001\000\040\167\345\213\306\126\376\214\061\230\166\134\102\152\041\137\017\377\010\000S\000c\000h\000e\000m\000a\377\011\213\276\213\241}{chapter.3}% 30
\BOOKMARK [2][-]{subsection.3.1.1}{\376\377\0003\000.\0001\000.\0001\000\040\150\070\137\303\133\236\117\123\116\016\147\054\117\123\213\272\127\372\170\100}{section.3.1}% 31
\BOOKMARK [2][-]{subsection.3.1.2}{\376\377\0003\000.\0001\000.\0002\000\040\227\363\174\373\116\016\215\205\227\363\153\265\162\171\137\201\166\204\142\151\134\125\136\372\152\041}{section.3.1}% 32
\BOOKMARK [1][-]{section.3.2}{\376\377\0003\000.\0002\000\040\131\032\156\220\137\002\147\204\145\160\143\156\221\307\226\306\116\016\133\371\237\120}{chapter.3}% 33
\BOOKMARK [2][-]{subsection.3.2.1}{\376\377\0003\000.\0002\000.\0001\000\040\130\360\133\146\000-\145\207\147\054\137\072\122\066\133\371\237\120}{section.3.2}% 34
\BOOKMARK [2][-]{subsection.3.2.2}{\376\377\0003\000.\0002\000.\0002\000\040\131\032\152\041\140\001\162\171\137\201\143\320\123\326\116\016\176\323\147\204\123\026}{section.3.2}% 35
\BOOKMARK [1][-]{section.3.3}{\376\377\0003\000.\0003\000\040\167\345\213\306\142\275\123\326\060\001\207\215\124\010\116\016\133\130\120\250\133\236\163\260}{chapter.3}% 36
\BOOKMARK [2][-]{subsection.3.3.1}{\376\377\0003\000.\0003\000.\0001\000\040\201\352\122\250\123\026\167\345\213\306\142\275\123\326}{section.3.3}% 37
\BOOKMARK [2][-]{subsection.3.3.2}{\376\377\0003\000.\0003\000.\0002\000\040\167\345\213\306\207\215\124\010\116\016\124\021\221\317\123\026\133\130\120\250}{section.3.3}% 38
\BOOKMARK [1][-]{section.3.4}{\376\377\0003\000.\0004\000\040\167\345\213\306\126\376\214\061\166\204\213\304\117\060\116\016\136\224\165\050}{chapter.3}% 39
\BOOKMARK [2][-]{subsection.3.4.1}{\376\377\0003\000.\0004\000.\0001\000\040\121\205\127\050\215\050\221\317\213\304\117\060}{section.3.4}% 40
\BOOKMARK [2][-]{subsection.3.4.2}{\376\377\0003\000.\0004\000.\0002\000\040\127\050\150\070\137\303\173\227\154\325\116\055\166\204\136\224\165\050}{section.3.4}% 41
\BOOKMARK [0][]{chapter.4}{\376\377\173\054\0004\172\340\000\040\145\207\201\011\146\172\200\375\117\123\150\106\147\266}{}% 42
\BOOKMARK [1][-]{section.4.1}{\376\377\0004\000.\0001\000\040\127\372\116\216\211\322\202\162\166\204\131\032\152\041\140\001\122\006\154\273\150\300\175\042\116\016\224\376\137\017\220\032\117\341}{chapter.4}% 43
\BOOKMARK [2][-]{subsection.4.1.1}{\376\377\0004\000.\0001\000.\0001\000\040\116\373\122\241\211\343\147\204\116\016\146\172\200\375\117\123\122\006\154\273}{section.4.1}% 44
\BOOKMARK [2][-]{subsection.4.1.2}{\376\377\0004\000.\0001\000.\0002\000\040\146\172\200\375\117\123\121\263\173\126\166\204\131\126\122\261\121\375\145\160}{section.4.1}% 45
\BOOKMARK [2][-]{subsection.4.1.3}{\376\377\0004\000.\0001\000.\0003\000\040\123\005\124\053\131\032\152\041\140\001\215\104\116\247\166\204\224\376\137\017\220\032\117\341}{section.4.1}% 46
\BOOKMARK [1][-]{section.4.2}{\376\377\0004\000.\0002\000\040\131\032\152\041\140\001\143\250\164\006\200\132\124\010\116\016\133\314\132\222\117\123\124\315\136\224\165\037\142\020}{chapter.4}% 47
\BOOKMARK [2][-]{subsection.4.2.1}{\376\377\0004\000.\0002\000.\0001\000\040\173\241\164\006\146\172\200\375\117\123\166\204\150\070\137\303\117\134\165\050}{section.4.2}% 48
\BOOKMARK [2][-]{subsection.4.2.2}{\376\377\0004\000.\0002\000.\0002\000\040\131\032\152\041\140\001\140\035\176\364\224\376\143\250\164\006\116\016\133\314\132\222\117\123\124\315\136\224}{section.4.2}% 49
\BOOKMARK [2][-]{subsection.4.2.3}{\376\377\0004\000.\0002\000.\0003\000\040\150\106\147\266\145\110\163\207\116\016\123\357\142\151\134\125\140\047\122\006\147\220}{section.4.2}% 50
\BOOKMARK [0][]{chapter.5}{\376\377\173\054\0005\172\340\000\040\201\352\220\002\136\224\131\032\153\145\150\300\175\042\165\037\142\020\152\041\127\213}{}% 51
\BOOKMARK [1][-]{section.5.1}{\376\377\0005\000.\0001\000\040\201\352\220\002\136\224\131\032\153\145\150\300\175\042\165\037\142\020\152\041\127\213}{chapter.5}% 52
\BOOKMARK [2][-]{subsection.5.1.1}{\376\377\0005\000.\0001\000.\0001\000\040\133\146\116\140\200\005\162\266\140\001\136\372\152\041}{section.5.1}% 53
\BOOKMARK [2][-]{subsection.5.1.2}{\376\377\0005\000.\0001\000.\0002\000\040\213\255\176\303\145\160\143\156\130\236\137\072\377\032\165\037\142\020\201\352\220\002\136\224\150\300\175\042\224\376}{section.5.1}% 54
\BOOKMARK [2][-]{subsection.5.1.3}{\376\377\0005\000.\0001\000.\0003\000\040\131\032\116\373\122\241\200\124\124\010\213\255\176\303\116\016\131\015\124\010\143\137\131\061\121\375\145\160}{section.5.1}% 55
\BOOKMARK [2][-]{subsection.5.1.4}{\376\377\0005\000.\0001\000.\0004\000\040\143\250\164\006\145\366\121\263\173\126\173\126\165\145\377\032\147\000\131\047\123\026\145\131\133\146\131\126\122\261\116\016\201\352\220\002\136\224\145\131\133\146\215\357\137\204\165\037\142\020}{section.5.1}% 56
\BOOKMARK [2][-]{subsection.5.1.5}{\376\377\0005\000.\0001\000.\0005\000\040\131\032\152\041\140\001\145\164\124\010\116\016\225\355\163\257\145\131\133\146}{section.5.1}% 57
\BOOKMARK [0][]{chapter.6}{\376\377\173\054\0006\172\340\000\040\227\363\174\373\201\352\217\333\123\026\165\037\142\020\116\016\150\041\121\306\152\041\127\213}{}% 58
\BOOKMARK [1][-]{section.6.1}{\376\377\0006\000.\0001\000\040\142\200\147\057\156\012\156\220\116\016\150\106\147\266\151\202\211\310}{chapter.6}% 59
\BOOKMARK [1][-]{section.6.2}{\376\377\0006\000.\0002\000\040\227\363\174\373\167\345\213\306\232\161\122\250\166\204\215\350\152\041\140\001\150\300\175\042\116\016\165\037\142\020}{chapter.6}% 60
\BOOKMARK [2][-]{subsection.6.2.1}{\376\377\0006\000.\0002\000.\0001\000\040\215\350\152\041\140\001\150\300\175\042\147\072\122\066}{section.6.2}% 61
\BOOKMARK [3][-]{subsubsection.6.2.1.1}{\376\377\0006\000.\0002\000.\0001\000.\0001\000\040\155\367\124\010\150\300\175\042\126\150}{subsection.6.2.1}% 62
\BOOKMARK [3][-]{subsubsection.6.2.1.2}{\376\377\0006\000.\0002\000.\0001\000.\0002\000\040\173\054\116\214\226\066\153\265\377\032\215\350\152\041\140\001\221\315\143\222\126\150\377\010\000C\000r\000o\000s\000s\000-\000M\000o\000d\000a\000l\000\040\000R\000e\000r\000a\000n\000k\000e\000r\377\011}{subsection.6.2.1}% 63
\BOOKMARK [2][-]{subsection.6.2.2}{\376\377\0006\000.\0002\000.\0002\000\040\116\052\140\047\123\026\217\205\133\374\165\037\142\020}{section.6.2}% 64
\BOOKMARK [1][-]{section.6.3}{\376\377\0006\000.\0003\000\040\201\352\217\333\123\026\137\017\145\160\143\156\130\236\137\072\116\016\137\256\214\003}{chapter.6}% 65
\BOOKMARK [2][-]{subsection.6.3.1}{\376\377\0006\000.\0003\000.\0001\000\040\201\352\217\333\123\026\150\070\137\303\155\101\172\013\377\032\000C\000o\000R\000A\000G\116\016\000R\000A\000F\000T\140\035\140\363\166\204\207\215\124\010}{section.6.3}% 66
\BOOKMARK [2][-]{subsection.6.3.2}{\376\377\0006\000.\0003\000.\0002\000\040\232\330\215\050\221\317\213\255\176\303\150\067\147\054\166\204\165\037\142\020\116\016\217\307\156\344}{section.6.3}% 67
\BOOKMARK [2][-]{subsection.6.3.3}{\376\377\0006\000.\0003\000.\0003\000\040\166\321\167\143\137\256\214\003\377\032\000R\000A\000F\000T\124\362\133\146\166\204\133\236\215\365\116\016\000L\000o\000R\000A\133\236\163\260}{section.6.3}% 68
\BOOKMARK [3][-]{subsubsection.6.3.3.1}{\376\377\0006\000.\0003\000.\0003\000.\0001\000\040\213\255\176\303\124\362\133\146\377\032\207\215\124\010\000R\000A\000F\000T\140\035\140\363}{subsection.6.3.3}% 69
\BOOKMARK [3][-]{subsubsection.6.3.3.2}{\376\377\0006\000.\0003\000.\0003\000.\0002\000\040\133\236\163\260\142\200\147\057\377\032\232\330\145\110\166\204\000L\000o\000R\000A\137\256\214\003}{subsection.6.3.3}% 70
\BOOKMARK [0][]{chapter.7}{\376\377\173\054\0007\172\340\000\040\133\236\232\214}{}% 71
\BOOKMARK [1][-]{section.7.1}{\376\377\0007\000.\0001\000\040\133\236\232\214\213\276\177\156}{chapter.7}% 72
\BOOKMARK [2][-]{subsection.7.1.1}{\376\377\0007\000.\0001\000.\0001\000\040\145\160\143\156\226\306}{section.7.1}% 73
\BOOKMARK [2][-]{subsection.7.1.2}{\376\377\0007\000.\0001\000.\0002\000\040\127\372\176\277\152\041\127\213}{section.7.1}% 74
\BOOKMARK [2][-]{subsection.7.1.3}{\376\377\0007\000.\0001\000.\0003\000\040\213\304\117\060\143\007\150\007}{section.7.1}% 75
\BOOKMARK [2][-]{subsection.7.1.4}{\376\377\0007\000.\0001\000.\0004\000\040\133\236\163\260\176\306\202\202}{section.7.1}% 76
\BOOKMARK [1][-]{section.7.2}{\376\377\0007\000.\0002\000\040\133\236\232\214\176\323\147\234\116\016\122\006\147\220}{chapter.7}% 77
\BOOKMARK [2][-]{subsection.7.2.1}{\376\377\0007\000.\0002\000.\0001\000\040\116\073\211\201\152\041\127\213\140\047\200\375\133\371\153\324}{section.7.2}% 78
\BOOKMARK [2][-]{subsection.7.2.2}{\376\377\0007\000.\0002\000.\0002\000\040\155\210\207\215\133\236\232\214}{section.7.2}% 79
\BOOKMARK [2][-]{subsection.7.2.3}{\376\377\0007\000.\0002\000.\0003\000\040\150\110\117\213\122\006\147\220}{section.7.2}% 80
\BOOKMARK [0][]{chapter.8}{\376\377\173\054\0008\172\340\000\040\140\073\176\323\116\016\134\125\147\033}{}% 81
\BOOKMARK [1][-]{section.8.1}{\376\377\0008\000.\0001\000\040\170\024\172\166\135\345\117\134\140\073\176\323}{chapter.8}% 82
\BOOKMARK [1][-]{section.8.2}{\376\377\0008\000.\0002\000\040\116\073\211\201\122\033\145\260\160\271\116\016\117\030\122\277}{chapter.8}% 83
\BOOKMARK [1][-]{section.8.3}{\376\377\0008\000.\0003\000\040\170\024\172\166\134\100\226\120\140\047}{chapter.8}% 84
\BOOKMARK [1][-]{section.8.4}{\376\377\0008\000.\0004\000\040\147\052\147\145\135\345\117\134\134\125\147\033}{chapter.8}% 85
